test_author_as_executor_refused (test_builder.BuilderTests.test_author_as_executor_refused) ... ok
test_business_environment_exact_common_blueprint (test_builder.BuilderTests.test_business_environment_exact_common_blueprint) ... ok
test_chrome_body_mutation_refused (test_builder.BuilderTests.test_chrome_body_mutation_refused) ... ok
test_chrome_expired_signature_refused (test_builder.BuilderTests.test_chrome_expired_signature_refused) ... ok
test_chrome_extra_file_refused (test_builder.BuilderTests.test_chrome_extra_file_refused) ... ok
test_chrome_hardlink_refused (test_builder.BuilderTests.test_chrome_hardlink_refused) ... ok
test_chrome_is_explicit_copy (test_builder.BuilderTests.test_chrome_is_explicit_copy) ... ok
test_chrome_mode_refused (test_builder.BuilderTests.test_chrome_mode_refused) ... ok
test_chrome_other_bundle_refused (test_builder.BuilderTests.test_chrome_other_bundle_refused) ... ok
test_chrome_signature_failure_refused (test_builder.BuilderTests.test_chrome_signature_failure_refused) ... ok
test_chrome_tree_all_1339_synthetic_entries (test_builder.BuilderTests.test_chrome_tree_all_1339_synthetic_entries) ... ok
test_diff_ledger_covers_final_modified_definitions (test_builder.BuilderTests.test_diff_ledger_covers_final_modified_definitions) ... ok
test_exact_ref_rehash (test_builder.BuilderTests.test_exact_ref_rehash) ... ok
test_exact_seven_identity_anchors_retained (test_builder.BuilderTests.test_exact_seven_identity_anchors_retained) ... ok
test_extra_ref_key_refused (test_builder.BuilderTests.test_extra_ref_key_refused) ... ok
test_fifteen_actual_blueprint_descriptors (test_builder.BuilderTests.test_fifteen_actual_blueprint_descriptors) ... ok
test_fourteen_chrome_contexts_no_birth (test_builder.BuilderTests.test_fourteen_chrome_contexts_no_birth) ... ok
test_g1_uuid_only_and_closed_flags (test_builder.BuilderTests.test_g1_uuid_only_and_closed_flags) ... ok
test_git_body_mutation_refused (test_builder.BuilderTests.test_git_body_mutation_refused) ... ok
test_git_hardlink_refused (test_builder.BuilderTests.test_git_hardlink_refused) ... ok
test_git_mode_mutation_refused (test_builder.BuilderTests.test_git_mode_mutation_refused) ... ok
test_git_other_raw_ref_refused (test_builder.BuilderTests.test_git_other_raw_ref_refused) ... ok
test_git_raw_tree_blobs_verified (test_builder.BuilderTests.test_git_raw_tree_blobs_verified) ... ok
test_git_wrong_requested_head_refused (test_builder.BuilderTests.test_git_wrong_requested_head_refused) ... ok
test_guarded_no_process_socket_import (test_builder.BuilderTests.test_guarded_no_process_socket_import) ... ok
test_head_not_inferred_from_old_definition (test_builder.BuilderTests.test_head_not_inferred_from_old_definition) ... ok
test_identical_actors_refused (test_builder.BuilderTests.test_identical_actors_refused) ... ok
test_identity_b_distinct_actor (test_builder.BuilderTests.test_identity_b_distinct_actor) ... ok
test_identity_logical_physical (test_builder.BuilderTests.test_identity_logical_physical) ... ok
test_missing_authority_refuses_before_allocation (test_builder.BuilderTests.test_missing_authority_refuses_before_allocation) ... ok
test_personal_source_refused (test_builder.BuilderTests.test_personal_source_refused) ... ok
test_physical_campaign_mismatch_refused (test_builder.BuilderTests.test_physical_campaign_mismatch_refused) ... ok
test_port_mutations_refused (test_builder.BuilderTests.test_port_mutations_refused) ... ok
test_prepare_has_no_legacy_launch_or_git (test_builder.BuilderTests.test_prepare_has_no_legacy_launch_or_git) ... ok
test_prepare_script_true_body_synthetic (test_builder.BuilderTests.test_prepare_script_true_body_synthetic) ... ok
test_profiles_are_unmodified (test_builder.BuilderTests.test_profiles_are_unmodified) ... ok
test_python_definitions_all_parse_no_import (test_builder.BuilderTests.test_python_definitions_all_parse_no_import) ... ok
test_real_calibrate_wrapper_four_rpc_calls_match (test_builder.BuilderTests.test_real_calibrate_wrapper_four_rpc_calls_match) ... ok
test_ref_symlink_refused (test_builder.BuilderTests.test_ref_symlink_refused) ... ok
test_rpc_contract_reader_derived_only (test_builder.BuilderTests.test_rpc_contract_reader_derived_only) ... ok
test_runtime_rpc_plan_not_fabricated (test_builder.BuilderTests.test_runtime_rpc_plan_not_fabricated) ... ok
test_source_and_output_pins_immutable (test_builder.BuilderTests.test_source_and_output_pins_immutable) ... ok
test_source_checkout_round_join (test_builder.BuilderTests.test_source_checkout_round_join) ... ok
test_species_are_definitions_only (test_builder.BuilderTests.test_species_are_definitions_only) ... ok
test_sql_paths_fresh_qa_and_oracles_not_changed (test_builder.BuilderTests.test_sql_paths_fresh_qa_and_oracles_not_changed) ... ok
test_uuid_existing_preimage_refused (test_builder.BuilderTests.test_uuid_existing_preimage_refused) ... ok
test_vite_anchor_change_refused (test_builder.BuilderTests.test_vite_anchor_change_refused) ... ok
test_vite_config_from_source_not_old_repo (test_builder.BuilderTests.test_vite_config_from_source_not_old_repo) ... ok
test_wrong_digest_refused (test_builder.BuilderTests.test_wrong_digest_refused) ... ok

----------------------------------------------------------------------
Ran 49 tests in 0.616s

OK
